CPU: everything works but slowly, and reproducibly. Used by the tests.
[MaskDataset:train] 71 pairs from 6 videos at 128px, point prompts (1 of 72 dropped: no instrument in view, so no prompt exists)
[MaskDataset:val] 20 pairs from 2 videos at 128px, point prompts (4 of 24 dropped: no instrument in view, so no prompt exists)
[TinyUNetSegmenter] LoRA on 2 linears, 14 trainable tensors | 10.4K / 29.5K params | decoder trained
step 0001/1440 | loss 1.7269
epoch 00 | tinyunet | val Dice 0.804 | IoU 0.686 over 20/20 masks (0 excluded: prediction and target both empty)
epoch 01 | tinyunet | val Dice 0.854 | IoU 0.750 over 20/20 masks (0 excluded: prediction and target both empty)
epoch 02 | tinyunet | val Dice 0.890 | IoU 0.804 over 20/20 masks (0 excluded: prediction and target both empty)
epoch 03 | tinyunet | val Dice 0.891 | IoU 0.807 over 20/20 masks (0 excluded: prediction and target both empty)
epoch 04 | tinyunet | val Dice 0.921 | IoU 0.855 over 20/20 masks (0 excluded: prediction and target both empty)
epoch 05 | tinyunet | val Dice 0.915 | IoU 0.845 over 20/20 masks (0 excluded: prediction and target both empty)
epoch 06 | tinyunet | val Dice 0.928 | IoU 0.866 over 20/20 masks (0 excluded: prediction and target both empty)
step 0144/1440 | loss 0.4880
epoch 07 | tinyunet | val Dice 0.932 | IoU 0.873 over 20/20 masks (0 excluded: prediction and target both empty)
epoch 08 | tinyunet | val Dice 0.936 | IoU 0.880 over 20/20 masks (0 excluded: prediction and target both empty)
epoch 09 | tinyunet | val Dice 0.937 | IoU 0.882 over 20/20 masks (0 excluded: prediction and target both empty)
epoch 10 | tinyunet | val Dice 0.934 | IoU 0.876 over 20/20 masks (0 excluded: prediction and target both empty)
epoch 11 | tinyunet | val Dice 0.939 | IoU 0.885 over 20/20 masks (0 excluded: prediction and target both empty)
epoch 12 | tinyunet | val Dice 0.942 | IoU 0.891 over 20/20 masks (0 excluded: prediction and target both empty)
epoch 13 | tinyunet | val Dice 0.943 | IoU 0.893 over 20/20 masks (0 excluded: prediction and target both empty)
epoch 14 | tinyunet | val Dice 0.942 | IoU 0.890 over 20/20 masks (0 excluded: prediction and target both empty)
step 0288/1440 | loss 0.1662
epoch 15 | tinyunet | val Dice 0.944 | IoU 0.895 over 20/20 masks (0 excluded: prediction and target both empty)
epoch 16 | tinyunet | val Dice 0.944 | IoU 0.894 over 20/20 masks (0 excluded: prediction and target both empty)
epoch 17 | tinyunet | val Dice 0.949 | IoU 0.902 over 20/20 masks (0 excluded: prediction and target both empty)
epoch 18 | tinyunet | val Dice 0.949 | IoU 0.902 over 20/20 masks (0 excluded: prediction and target both empty)
epoch 19 | tinyunet | val Dice 0.952 | IoU 0.909 over 20/20 masks (0 excluded: prediction and target both empty)
epoch 20 | tinyunet | val Dice 0.952 | IoU 0.909 over 20/20 masks (0 excluded: prediction and target both empty)
epoch 21 | tinyunet | val Dice 0.953 | IoU 0.911 over 20/20 masks (0 excluded: prediction and target both empty)
epoch 22 | tinyunet | val Dice 0.952 | IoU 0.908 over 20/20 masks (0 excluded: prediction and target both empty)
step 0432/1440 | loss 0.1108
epoch 23 | tinyunet | val Dice 0.952 | IoU 0.909 over 20/20 masks (0 excluded: prediction and target both empty)
epoch 24 | tinyunet | val Dice 0.956 | IoU 0.916 over 20/20 masks (0 excluded: prediction and target both empty)
epoch 25 | tinyunet | val Dice 0.956 | IoU 0.917 over 20/20 masks (0 excluded: prediction and target both empty)
epoch 26 | tinyunet | val Dice 0.955 | IoU 0.915 over 20/20 masks (0 excluded: prediction and target both empty)
epoch 27 | tinyunet | val Dice 0.957 | IoU 0.918 over 20/20 masks (0 excluded: prediction and target both empty)
epoch 28 | tinyunet | val Dice 0.959 | IoU 0.921 over 20/20 masks (0 excluded: prediction and target both empty)
epoch 29 | tinyunet | val Dice 0.957 | IoU 0.917 over 20/20 masks (0 excluded: prediction and target both empty)
epoch 30 | tinyunet | val Dice 0.958 | IoU 0.920 over 20/20 masks (0 excluded: prediction and target both empty)
step 0576/1440 | loss 0.0959
epoch 31 | tinyunet | val Dice 0.957 | IoU 0.917 over 20/20 masks (0 excluded: prediction and target both empty)
epoch 32 | tinyunet | val Dice 0.956 | IoU 0.917 over 20/20 masks (0 excluded: prediction and target both empty)
epoch 33 | tinyunet | val Dice 0.955 | IoU 0.914 over 20/20 masks (0 excluded: prediction and target both empty)
epoch 34 | tinyunet | val Dice 0.956 | IoU 0.915 over 20/20 masks (0 excluded: prediction and target both empty)
epoch 35 | tinyunet | val Dice 0.959 | IoU 0.921 over 20/20 masks (0 excluded: prediction and target both empty)
epoch 36 | tinyunet | val Dice 0.956 | IoU 0.916 over 20/20 masks (0 excluded: prediction and target both empty)
epoch 37 | tinyunet | val Dice 0.956 | IoU 0.916 over 20/20 masks (0 excluded: prediction and target both empty)
epoch 38 | tinyunet | val Dice 0.958 | IoU 0.919 over 20/20 masks (0 excluded: prediction and target both empty)
step 0720/1440 | loss 0.0667
epoch 39 | tinyunet | val Dice 0.960 | IoU 0.923 over 20/20 masks (0 excluded: prediction and target both empty)
epoch 40 | tinyunet | val Dice 0.955 | IoU 0.915 over 20/20 masks (0 excluded: prediction and target both empty)
epoch 41 | tinyunet | val Dice 0.959 | IoU 0.922 over 20/20 masks (0 excluded: prediction and target both empty)
epoch 42 | tinyunet | val Dice 0.959 | IoU 0.922 over 20/20 masks (0 excluded: prediction and target both empty)
epoch 43 | tinyunet | val Dice 0.961 | IoU 0.926 over 20/20 masks (0 excluded: prediction and target both empty)
epoch 44 | tinyunet | val Dice 0.960 | IoU 0.924 over 20/20 masks (0 excluded: prediction and target both empty)
epoch 45 | tinyunet | val Dice 0.960 | IoU 0.924 over 20/20 masks (0 excluded: prediction and target both empty)
epoch 46 | tinyunet | val Dice 0.961 | IoU 0.926 over 20/20 masks (0 excluded: prediction and target both empty)
step 0864/1440 | loss 0.0693
epoch 47 | tinyunet | val Dice 0.962 | IoU 0.927 over 20/20 masks (0 excluded: prediction and target both empty)
epoch 48 | tinyunet | val Dice 0.961 | IoU 0.925 over 20/20 masks (0 excluded: prediction and target both empty)
epoch 49 | tinyunet | val Dice 0.961 | IoU 0.926 over 20/20 masks (0 excluded: prediction and target both empty)
epoch 50 | tinyunet | val Dice 0.960 | IoU 0.923 over 20/20 masks (0 excluded: prediction and target both empty)
epoch 51 | tinyunet | val Dice 0.963 | IoU 0.928 over 20/20 masks (0 excluded: prediction and target both empty)
epoch 52 | tinyunet | val Dice 0.961 | IoU 0.925 over 20/20 masks (0 excluded: prediction and target both empty)
epoch 53 | tinyunet | val Dice 0.962 | IoU 0.928 over 20/20 masks (0 excluded: prediction and target both empty)
epoch 54 | tinyunet | val Dice 0.961 | IoU 0.925 over 20/20 masks (0 excluded: prediction and target both empty)
step 1008/1440 | loss 0.0484
epoch 55 | tinyunet | val Dice 0.962 | IoU 0.927 over 20/20 masks (0 excluded: prediction and target both empty)
epoch 56 | tinyunet | val Dice 0.963 | IoU 0.928 over 20/20 masks (0 excluded: prediction and target both empty)
epoch 57 | tinyunet | val Dice 0.962 | IoU 0.926 over 20/20 masks (0 excluded: prediction and target both empty)
epoch 58 | tinyunet | val Dice 0.962 | IoU 0.927 over 20/20 masks (0 excluded: prediction and target both empty)
epoch 59 | tinyunet | val Dice 0.962 | IoU 0.927 over 20/20 masks (0 excluded: prediction and target both empty)
epoch 60 | tinyunet | val Dice 0.961 | IoU 0.925 over 20/20 masks (0 excluded: prediction and target both empty)
epoch 61 | tinyunet | val Dice 0.963 | IoU 0.928 over 20/20 masks (0 excluded: prediction and target both empty)
epoch 62 | tinyunet | val Dice 0.961 | IoU 0.924 over 20/20 masks (0 excluded: prediction and target both empty)
step 1152/1440 | loss 0.0375
epoch 63 | tinyunet | val Dice 0.961 | IoU 0.926 over 20/20 masks (0 excluded: prediction and target both empty)
epoch 64 | tinyunet | val Dice 0.962 | IoU 0.927 over 20/20 masks (0 excluded: prediction and target both empty)
epoch 65 | tinyunet | val Dice 0.961 | IoU 0.926 over 20/20 masks (0 excluded: prediction and target both empty)
epoch 66 | tinyunet | val Dice 0.961 | IoU 0.925 over 20/20 masks (0 excluded: prediction and target both empty)
epoch 67 | tinyunet | val Dice 0.961 | IoU 0.925 over 20/20 masks (0 excluded: prediction and target both empty)
epoch 68 | tinyunet | val Dice 0.962 | IoU 0.928 over 20/20 masks (0 excluded: prediction and target both empty)
epoch 69 | tinyunet | val Dice 0.962 | IoU 0.927 over 20/20 masks (0 excluded: prediction and target both empty)
epoch 70 | tinyunet | val Dice 0.961 | IoU 0.926 over 20/20 masks (0 excluded: prediction and target both empty)
step 1296/1440 | loss 0.0390
epoch 71 | tinyunet | val Dice 0.962 | IoU 0.927 over 20/20 masks (0 excluded: prediction and target both empty)
epoch 72 | tinyunet | val Dice 0.963 | IoU 0.929 over 20/20 masks (0 excluded: prediction and target both empty)
epoch 73 | tinyunet | val Dice 0.961 | IoU 0.924 over 20/20 masks (0 excluded: prediction and target both empty)
epoch 74 | tinyunet | val Dice 0.962 | IoU 0.926 over 20/20 masks (0 excluded: prediction and target both empty)
epoch 75 | tinyunet | val Dice 0.963 | IoU 0.929 over 20/20 masks (0 excluded: prediction and target both empty)
epoch 76 | tinyunet | val Dice 0.962 | IoU 0.927 over 20/20 masks (0 excluded: prediction and target both empty)
epoch 77 | tinyunet | val Dice 0.963 | IoU 0.928 over 20/20 masks (0 excluded: prediction and target both empty)
epoch 78 | tinyunet | val Dice 0.964 | IoU 0.931 over 20/20 masks (0 excluded: prediction and target both empty)
step 1440/1440 | loss 0.0405
epoch 79 | tinyunet | val Dice 0.960 | IoU 0.923 over 20/20 masks (0 excluded: prediction and target both empty)
done. best val Dice 0.964 at epoch 78 on videos ['clip_06', 'clip_07'] using tinyunet — this is a model-SELECTION score, not a held-out test score. adapters -> runs/seg/adapters.pt, curve -> runs/seg/history.json
for the held-out number: python -m src.segmentation.predict --checkpoint runs/seg/adapters.pt --split test
